// Jest Snapshot v1, https://goo.gl/fbAQLP

exports[`imports magicsoup.io without errors 1`] = `
Array [
  <div
    className="sc-bdVaJa eAkHCv"
  >
     I am a Box
  </div>,
  <button
    className="sc-bdVaJa sc-bwzfXH hLpsMy"
    color="white"
    fontSize="inherit"
    fontWeight="bold"
  >
     I am a Button
  </button>,
  <div
    className="sc-bdVaJa sc-htpNat jocheC"
  >
     I am a Card
  </div>,
  <div
    className="sc-bdVaJa sc-ifAKCX cGFghZ"
  >
     I am a Flex
  </div>,
  <h2
    className="sc-bdVaJa sc-EHOje sc-bZQynM kKcxZB"
  >
     I am a Heading
  </h2>,
  <img
    className="sc-bdVaJa sc-gzVnrw gWAdUb"
    src="https://source.unsplash.com/random/1280x720"
  />,
  <a
    className="sc-bdVaJa sc-htoDjs ckKdfW"
    color="blue"
    href="http://www.example.com"
  >
     I am a Link
  </a>,
  <div
    className="sc-bdVaJa sc-EHOje ilTtvD"
  >
     I am a Text
  </div>,
]
`;
